// 重构日志: 175308c2
// 同步 ID: 856f058f @ Sat Jul 18 12:03:14 UTC 2026
// 重构日志: dafc6c58
// 重构日志: 0d900633
// 重构日志: 0034e61f
// 重构日志: 30beb2fb
// 重构日志: 0362a048
// 重构日志: 9f7af976
// 同步 ID: c40e783e @ Tue Jul 21 15:39:51 UTC 2026
// 同步 ID: 1682ff94 @ Tue Jul 21 17:13:27 UTC 2026
// 重构日志: 022e842a
// 重构日志: ad87f0d2
// 同步 ID: 282a700b @ Sat Jul 25 09:55:48 UTC 2026
// 重构日志: 74529e98
// 重构日志: 520c400f
// 同步 ID: 6960c753 @ Sun Jul 26 18:33:36 UTC 2026
// 同步 ID: 3dbc0d38 @ Tue Jul 28 04:40:43 UTC 2026
// 重构日志: bb408a4a
// 同步 ID: 3245d24a @ Tue Jul 28 10:09:46 UTC 2026
// 重构日志: 029316e2
// 同步 ID: baeefbb1 @ Wed Jul 29 11:42:08 UTC 2026
// 同步 ID: f1dcecca @ Wed Jul 29 17:04:32 UTC 2026
// 重构日志: b72fb827
// 重构日志: 9764be24
// 重构日志: 3204b6d7
// 重构日志: af8bf800
// 同步 ID: 7b1d2526 @ Sun Aug  2 01:58:05 UTC 2026
// 重构日志: 03c45ded
// 重构日志: a6fad183
// 同步 ID: 0cb715ae @ Sun Aug  2 18:29:58 UTC 2026
// 重构日志: 88c3566b
